Mon Jun 12 22:52:28 IST 2017
--------------------MEMCG-----------------------
MEM ONLY  : 81 MB
MEM+SWAP  : 81 MB
cache 76173312
rss 9281536
rss_huge 0
mapped_file 45629440
writeback 0
swap 0
pgpgin 106428
pgpgout 85565
pgfault 201378
pgmajfault 217
inactive_anon 49152
active_anon 9314304
inactive_file 49168384
active_file 26923008
unevictable 0
hierarchical_memory_limit 536870912
hierarchical_memsw_limit 5368709120
total_cache 76173312
total_rss 9281536
total_rss_huge 0
total_mapped_file 45629440
total_writeback 0
total_swap 0
total_pgpgin 106428
total_pgpgout 85565
total_pgfault 201378
total_pgmajfault 217
total_inactive_anon 49152
total_active_anon 9314304
total_inactive_file 49168384
total_active_file 26923008
total_unevictable 0
--------------------BLKIO-----------------------
11:0 Read 0
11:0 Write 0
11:0 Sync 0
11:0 Async 0
11:0 Total 0
253:0 Read 36630528
253:0 Write 225280
253:0 Sync 0
253:0 Async 36855808
253:0 Total 36855808
Total 36855808
--------------------CPUAC-----------------------
user 50
system 112
 
Mon Jun 12 22:52:58 IST 2017
--------------------MEMCG-----------------------
MEM ONLY  : 511 MB
MEM+SWAP  : 511 MB
cache 443932672
rss 92827648
rss_huge 0
mapped_file 46301184
writeback 0
swap 0
pgpgin 626584
pgpgout 495540
pgfault 629931
pgmajfault 217
inactive_anon 40869888
active_anon 52035584
inactive_file 279392256
active_file 164458496
unevictable 0
hierarchical_memory_limit 536870912
hierarchical_memsw_limit 5368709120
total_cache 443932672
total_rss 92823552
total_rss_huge 0
total_mapped_file 46301184
total_writeback 0
total_swap 0
total_pgpgin 626584
total_pgpgout 495540
total_pgfault 629931
total_pgmajfault 217
total_inactive_anon 40869888
total_active_anon 52035584
total_inactive_file 279392256
total_active_file 164458496
total_unevictable 0
--------------------BLKIO-----------------------
11:0 Read 0
11:0 Write 0
11:0 Sync 0
11:0 Async 0
11:0 Total 0
253:0 Read 417792000
253:0 Write 225280
253:0 Sync 0
253:0 Async 418017280
253:0 Total 418017280
Total 418017280
--------------------CPUAC-----------------------
user 192
system 571
 
Mon Jun 12 22:53:28 IST 2017
--------------------MEMCG-----------------------
MEM ONLY  : 511 MB
MEM+SWAP  : 511 MB
cache 443924480
rss 92823552
rss_huge 0
mapped_file 12480512
writeback 0
swap 0
pgpgin 1546536
pgpgout 1415494
pgfault 1425962
pgmajfault 217
inactive_anon 46505984
active_anon 46399488
inactive_file 221388800
active_file 222453760
unevictable 0
hierarchical_memory_limit 536870912
hierarchical_memsw_limit 5368709120
total_cache 443924480
total_rss 92823552
total_rss_huge 0
total_mapped_file 12480512
total_writeback 0
total_swap 0
total_pgpgin 1546536
total_pgpgout 1415494
total_pgfault 1425962
total_pgmajfault 217
total_inactive_anon 46505984
total_active_anon 46399488
total_inactive_file 221388800
total_active_file 222453760
total_unevictable 0
--------------------BLKIO-----------------------
11:0 Read 0
11:0 Write 0
11:0 Sync 0
11:0 Async 0
11:0 Total 0
253:0 Read 822738944
253:0 Write 225280
253:0 Sync 0
253:0 Async 822964224
253:0 Total 822964224
Total 822964224
--------------------CPUAC-----------------------
user 415
system 1699
 
Mon Jun 12 22:53:58 IST 2017
--------------------MEMCG-----------------------
MEM ONLY  : 511 MB
MEM+SWAP  : 511 MB
cache 443920384
rss 92823552
rss_huge 0
mapped_file 4190208
writeback 0
swap 0
pgpgin 2623852
pgpgout 2492811
pgfault 2367642
pgmajfault 242
inactive_anon 46505984
active_anon 46399488
inactive_file 221306880
active_file 222531584
unevictable 0
hierarchical_memory_limit 536870912
hierarchical_memsw_limit 5368709120
total_cache 443920384
total_rss 92823552
total_rss_huge 0
total_mapped_file 4190208
total_writeback 0
total_swap 0
total_pgpgin 2623852
total_pgpgout 2492811
total_pgfault 2367642
total_pgmajfault 242
total_inactive_anon 46505984
total_active_anon 46399488
total_inactive_file 221306880
total_active_file 222531584
total_unevictable 0
--------------------BLKIO-----------------------
11:0 Read 0
11:0 Write 0
11:0 Sync 0
11:0 Async 0
11:0 Total 0
253:0 Read 1111195648
253:0 Write 225280
253:0 Sync 0
253:0 Async 1111420928
253:0 Total 1111420928
Total 1111420928
--------------------CPUAC-----------------------
user 692
system 3871
 
