Sun Jun 18 19:03:35 IST 2017
GET 	Requests:19139 				
MEM 	Used:0 	Limit:0 	Gets:0 	Puts:0 	Flushes:0 	Evicts:0 	Demoted :0 	Calc-used:0 			   	
SSD 	Used:0 	Limit:262144 	Gets:0 	Puts:0 	Flushes:0 	Evicts:0 	Promoted:0 	Calc-used:0 
----------------------------------------------------------------------------------------------------------------------------------------------------------
Sun Jun 18 19:04:05 IST 2017
GET 	Requests:138030 				
MEM 	Used:0 	Limit:0 	Gets:0 	Puts:0 	Flushes:0 	Evicts:0 	Demoted :0 	Calc-used:0 			   	
SSD 	Used:72414 	Limit:262144 	Gets:20406 	Puts:92820 	Flushes:0 	Evicts:0 	Promoted:0 	Calc-used:72414 
----------------------------------------------------------------------------------------------------------------------------------------------------------
Sun Jun 18 19:04:35 IST 2017
GET 	Requests:265455 				
MEM 	Used:0 	Limit:0 	Gets:0 	Puts:0 	Flushes:0 	Evicts:0 	Demoted :0 	Calc-used:0 			   	
SSD 	Used:138769 	Limit:262144 	Gets:81451 	Puts:220220 	Flushes:0 	Evicts:0 	Promoted:0 	Calc-used:138769 
----------------------------------------------------------------------------------------------------------------------------------------------------------
Sun Jun 18 19:05:05 IST 2017
GET 	Requests:379330 				
MEM 	Used:0 	Limit:0 	Gets:0 	Puts:0 	Flushes:0 	Evicts:0 	Demoted :0 	Calc-used:0 			   	
SSD 	Used:209033 	Limit:262144 	Gets:157525 	Puts:366558 	Flushes:0 	Evicts:0 	Promoted:0 	Calc-used:209033 
----------------------------------------------------------------------------------------------------------------------------------------------------------
Sun Jun 18 19:05:35 IST 2017
GET 	Requests:404916 				
MEM 	Used:0 	Limit:0 	Gets:0 	Puts:0 	Flushes:0 	Evicts:0 	Demoted :0 	Calc-used:0 			   	
SSD 	Used:215749 	Limit:262144 	Gets:176370 	Puts:392161 	Flushes:42 	Evicts:0 	Promoted:0 	Calc-used:215749 
----------------------------------------------------------------------------------------------------------------------------------------------------------
Sun Jun 18 19:06:05 IST 2017
GET 	Requests:404916 				
MEM 	Used:0 	Limit:0 	Gets:0 	Puts:0 	Flushes:0 	Evicts:0 	Demoted :0 	Calc-used:0 			   	
SSD 	Used:215749 	Limit:262144 	Gets:176370 	Puts:392161 	Flushes:42 	Evicts:0 	Promoted:0 	Calc-used:215749 
----------------------------------------------------------------------------------------------------------------------------------------------------------
Sun Jun 18 19:06:35 IST 2017
GET 	Requests:404916 				
MEM 	Used:0 	Limit:0 	Gets:0 	Puts:0 	Flushes:0 	Evicts:0 	Demoted :0 	Calc-used:0 			   	
SSD 	Used:215749 	Limit:262144 	Gets:176370 	Puts:392161 	Flushes:42 	Evicts:0 	Promoted:0 	Calc-used:215749 
----------------------------------------------------------------------------------------------------------------------------------------------------------
Sun Jun 18 19:07:05 IST 2017
GET 	Requests:404916 				
MEM 	Used:0 	Limit:0 	Gets:0 	Puts:0 	Flushes:0 	Evicts:0 	Demoted :0 	Calc-used:0 			   	
SSD 	Used:215749 	Limit:262144 	Gets:176370 	Puts:392161 	Flushes:42 	Evicts:0 	Promoted:0 	Calc-used:215749 
----------------------------------------------------------------------------------------------------------------------------------------------------------
Sun Jun 18 19:07:35 IST 2017
GET 	Requests:404916 				
MEM 	Used:0 	Limit:0 	Gets:0 	Puts:0 	Flushes:0 	Evicts:0 	Demoted :0 	Calc-used:0 			   	
SSD 	Used:215749 	Limit:262144 	Gets:176370 	Puts:392161 	Flushes:42 	Evicts:0 	Promoted:0 	Calc-used:215749 
----------------------------------------------------------------------------------------------------------------------------------------------------------
Sun Jun 18 19:08:05 IST 2017
GET 	Requests:404916 				
MEM 	Used:0 	Limit:0 	Gets:0 	Puts:0 	Flushes:0 	Evicts:0 	Demoted :0 	Calc-used:0 			   	
SSD 	Used:215749 	Limit:262144 	Gets:176370 	Puts:392161 	Flushes:42 	Evicts:0 	Promoted:0 	Calc-used:215749 
----------------------------------------------------------------------------------------------------------------------------------------------------------
Sun Jun 18 19:08:35 IST 2017
GET 	Requests:404916 				
MEM 	Used:0 	Limit:0 	Gets:0 	Puts:0 	Flushes:0 	Evicts:0 	Demoted :0 	Calc-used:0 			   	
SSD 	Used:215749 	Limit:262144 	Gets:176370 	Puts:392161 	Flushes:42 	Evicts:0 	Promoted:0 	Calc-used:215749 
----------------------------------------------------------------------------------------------------------------------------------------------------------
Sun Jun 18 19:09:05 IST 2017
GET 	Requests:404916 				
MEM 	Used:0 	Limit:0 	Gets:0 	Puts:0 	Flushes:0 	Evicts:0 	Demoted :0 	Calc-used:0 			   	
SSD 	Used:215749 	Limit:262144 	Gets:176370 	Puts:392161 	Flushes:42 	Evicts:0 	Promoted:0 	Calc-used:215749 
----------------------------------------------------------------------------------------------------------------------------------------------------------
Sun Jun 18 19:09:35 IST 2017
GET 	Requests:404916 				
MEM 	Used:0 	Limit:0 	Gets:0 	Puts:0 	Flushes:0 	Evicts:0 	Demoted :0 	Calc-used:0 			   	
SSD 	Used:215749 	Limit:262144 	Gets:176370 	Puts:392161 	Flushes:42 	Evicts:0 	Promoted:0 	Calc-used:215749 
----------------------------------------------------------------------------------------------------------------------------------------------------------
Sun Jun 18 19:10:05 IST 2017
GET 	Requests:404916 				
MEM 	Used:0 	Limit:0 	Gets:0 	Puts:0 	Flushes:0 	Evicts:0 	Demoted :0 	Calc-used:0 			   	
SSD 	Used:215749 	Limit:262144 	Gets:176370 	Puts:392161 	Flushes:42 	Evicts:0 	Promoted:0 	Calc-used:215749 
----------------------------------------------------------------------------------------------------------------------------------------------------------
Sun Jun 18 19:10:35 IST 2017
GET 	Requests:404916 				
MEM 	Used:0 	Limit:0 	Gets:0 	Puts:0 	Flushes:0 	Evicts:0 	Demoted :0 	Calc-used:0 			   	
SSD 	Used:215749 	Limit:262144 	Gets:176370 	Puts:392161 	Flushes:42 	Evicts:0 	Promoted:0 	Calc-used:215749 
----------------------------------------------------------------------------------------------------------------------------------------------------------
Sun Jun 18 19:11:05 IST 2017
GET 	Requests:404916 				
MEM 	Used:0 	Limit:0 	Gets:0 	Puts:0 	Flushes:0 	Evicts:0 	Demoted :0 	Calc-used:0 			   	
SSD 	Used:215749 	Limit:262144 	Gets:176370 	Puts:392161 	Flushes:42 	Evicts:0 	Promoted:0 	Calc-used:215749 
----------------------------------------------------------------------------------------------------------------------------------------------------------
Sun Jun 18 19:11:35 IST 2017
GET 	Requests:404916 				
MEM 	Used:0 	Limit:0 	Gets:0 	Puts:0 	Flushes:0 	Evicts:0 	Demoted :0 	Calc-used:0 			   	
SSD 	Used:215749 	Limit:262144 	Gets:176370 	Puts:392161 	Flushes:42 	Evicts:0 	Promoted:0 	Calc-used:215749 
----------------------------------------------------------------------------------------------------------------------------------------------------------
Sun Jun 18 19:12:05 IST 2017
GET 	Requests:404916 				
MEM 	Used:0 	Limit:0 	Gets:0 	Puts:0 	Flushes:0 	Evicts:0 	Demoted :0 	Calc-used:0 			   	
SSD 	Used:215749 	Limit:262144 	Gets:176370 	Puts:392161 	Flushes:42 	Evicts:0 	Promoted:0 	Calc-used:215749 
----------------------------------------------------------------------------------------------------------------------------------------------------------
