Sun Jun 18 19:03:35 IST 2017 = 0
Sun Jun 18 19:04:05 IST 2017 = 0
Sun Jun 18 19:04:35 IST 2017 = 0
Sun Jun 18 19:05:05 IST 2017 = 0
Sun Jun 18 19:05:35 IST 2017 = 0
Sun Jun 18 19:06:05 IST 2017 = 0
Sun Jun 18 19:06:35 IST 2017 = 0
Sun Jun 18 19:07:05 IST 2017 = 0
Sun Jun 18 19:07:35 IST 2017 = 0
Sun Jun 18 19:08:05 IST 2017 = 0
Sun Jun 18 19:08:35 IST 2017 = 0
Sun Jun 18 19:09:05 IST 2017 = 0
Sun Jun 18 19:09:35 IST 2017 = 0
Sun Jun 18 19:10:05 IST 2017 = 0
Sun Jun 18 19:10:35 IST 2017 = 0
Sun Jun 18 19:11:05 IST 2017 = 0
Sun Jun 18 19:11:35 IST 2017 = 0
Sun Jun 18 19:12:05 IST 2017 = 0
