WARNING: Could not open /proc/sys/kernel/shmmax file!
It means that you probably ran Filebench not as a root. Filebench will not increase shared
region limits in this case, which can lead to the failures on certain workloads.
Filebench Version 1.4.9.1
 1872: 0.000: Allocated 170MB of shared memory
 1872: 0.021: Web-server Version 3.0 personality successfully loaded
 1872: 0.021: Creating/pre-allocating files and filesets
 1872: 0.043: Fileset logfiles: 1 files, 0 leafdirs, avg dir width = 20, avg dir depth = 0.0, 0.016MB
 1872: 0.055: Removed any existing fileset logfiles in 1 seconds
 1872: 0.055: making tree for filset /home/ubuntu/logfiles
 1872: 0.065: Creating fileset logfiles...
 1872: 0.066: Preallocated 1 of 1 of fileset logfiles in 1 seconds
 1872: 0.095: Fileset bigfileset: 24000 files, 0 leafdirs, avg dir width = 20, avg dir depth = 3.4, 2993.551MB
 1872: 0.095: Re-using fileset bigfileset.
 1872: 0.095: Creating fileset bigfileset...
 1872: 4.105: Preallocated 24000 of 24000 of fileset bigfileset in 5 seconds
 1872: 4.105: waiting for fileset pre-allocation to finish
25876: 4.105: Starting 1 filereader instances
25877: 4.159: Starting 8 filereaderthread threads
 1872: 5.159: Running...
25876: 109.344: Unexpected Process termination Code 2, Errno 0 on line 67
 1872: 110.176: Run took 105 seconds...
 1872: 110.182: NO VALID RESULTS! Filebench run terminated prematurely on line 67
 1872: 110.182: Shutting down processes
